[wandmose.dk/index.html]
[backblue.gif]
[fade.gif]
[index.html]
[wandmose.dk/CustomerData/Files/favicon.ico]
[cdn.iubenda.com/cs/iubenda_cs.js]
[cs.iubenda.com/autoblocking/3522294.js]
[www.google.com/recaptcha/api63ad.js]
[wandmose.dk/Site/JavaScripts/jquery-1.12.2.min.js]
[wandmose.dk/Common/Fonts/Font-awesome-4.4.0/fontawesome-webfont93e3.eot]
[wandmose.dk/Common/Fonts/Font-awesome-4.4.0/fontawesome-webfontd41d.eot]
[wandmose.dk/Common/Fonts/Font-awesome-4.4.0/fontawesome-webfont93e3.woff2]
[wandmose.dk/Common/Fonts/Font-awesome-4.4.0/fontawesome-webfont93e3.woff]
[wandmose.dk/Common/Fonts/Font-awesome-4.4.0/fontawesome-webfont93e3.ttf]
[wandmose.dk/Common/Images/cross.png]
[wandmose.dk/customerdata/files/templates/1/button-mikro-arrow.png]
[wandmose.dk/customerdata/files/templates/1/avatar.png]
[wandmose.dk/customerdata/files/templates/1/content-img-1.jpg]
[wandmose.dk/customerdata/files/templates/1/iphonex-large.png]
[wandmose.dk/customerdata/files/templates/1/1.jpg]
[wandmose.dk/customerdata/files/templates/1/contact-bg.jpg]
[wandmose.dk/customerdata/files/templates/1/korekort-cta.jpg]
[wandmose.dk/customerdata/files/templates/1/logo-cta.jpg]
[wandmose.dk/WebResourceeec9.js]
[wandmose.dk/ScriptResource8181.js]
[wandmose.dk/CustomerData/Files/Images/Archive/1-grafik/mobile-phone_18.png]
[wandmose.dk/koerekort-og-priser.html]
[wandmose.dk/koerekort-og-priser/lynkursus-koerekort.html]
[wandmose.dk/holdstart/holdstart-i-aalborg.html]
[wandmose.dk/holdtilmeldning.html]
[wandmose.dk/generhvervelse-af-koerekort.html]
[wandmose.dk/regler-om-koerekort.html]
[connect.facebook.net/da_DK/sdk.js]
[wandmose.dk/kontakt-os.html]
[wandmose.dk/CustomerData/Files/Images/Archive/1-grafik/facebook_3.png]
[wandmose.dk/Bundles/Scripts/Website/Body/Async64df]
[wandmose.dk/index.html]
[wandmose.dk/Bundles/Scripts/Website/Body/Defer88b2]
[wandmose.dk/Common/Fonts/Font-awesome-4.4.0/fontawesome-webfont93e3.svg]
[wandmose.dk/customerdata/files/templates/1/driving-school.svg]
[wandmose.dk/customerdata/files/templates/1/driving-school-1.svg]
[wandmose.dk/customerdata/files/templates/1/arrow-white.svg]
[wandmose.dk/customerdata/files/templates/1/trustpilot-stars.svg]
[wandmose.dk/customerdata/files/templates/1/cta2.html]
[wandmose.dk/customerdata/files/templates/1/cta1.html]
[wandmose.dk/customerdata/files/templates/1/cta4.html]
[wandmose.dk/customerdata/files/templates/1/cta3.html]
[wandmose.dk/customerdata/files/templates/1/bg-facebook.html]
[wandmose.dk/WebResourceeec9.js]
[wandmose.dk/ScriptResource8181.js]
[wandmose.dk/CustomerData/Files/Folders/4-logo/3_køreskole-i-aalborg-nær-nørresundby-vester-hassing-tag-dit-kørekort-her.svg]
[wandmose.dk/koerekort-og-priser.html]
[wandmose.dk/koerekort-og-priser/lynkursus-koerekort.html]
[wandmose.dk/holdstart/holdstart-i-aalborg.html]
[wandmose.dk/holdtilmeldning.html]
[wandmose.dk/generhvervelse-af-koerekort.html]
[wandmose.dk/regler-om-koerekort.html]
[wandmose.dk/kontakt-os.html]
[connect.facebook.net/da_DK/sdk.js]
[wandmose.dk/CustomerData/Files/Folders/4-logo/2_køreskole-i-aalborg-nær-nørresundby-vester-hassing-tag-dit-kørekort-her.svg]
[wandmose.dk/POST.html]
[wandmose.dk/holdstart.html]
[wandmose.dk/holdstart.html]
